This is e-upTeX, Version 3.141592653-p4.1.0-u1.29-230214-2.6 (utf8.uptex) (TeX Live 2023/Debian) (preloaded format=uplatex 2026.6.11)  11 JUN 2026 16:20
entering extended mode
 restricted \write18 enabled.
 %&-line parsing enabled.
**mpc_cuda_report.en.tex
(./mpc_cuda_report.en.tex
pLaTeX2e <2023-02-14u04>+1, based on
LaTeX2e <2023-11-01> patch level 1
L3 programming layer <2024-01-22>
(/usr/share/texlive/texmf-dist/tex/platex/jsclasses/jsarticle.cls
Document Class: jsarticle 2023/02/23 jsclasses (okumura, texjporg)
\jsc@mpt=\dimen156
\jsc@mmm=\dimen157
\jsc@smallskipamount=\skip48
LaTeX Info: Redefining \textmc on input line 511.
LaTeX Info: Redefining \textgt on input line 513.
\symmincho=\mathgroup4
LaTeX Font Info:    Overwriting symbol font `mincho' in version `bold'
(Font)                  JY2/mc/m/n --> JY2/gt/m/n on input line 575.
LaTeX Font Info:    Font shape `JT2/mc/m/n' will be
(Font)              scaled to size 9.24683pt on input line 769.
LaTeX Font Info:    Font shape `JY2/mc/m/n' will be
(Font)              scaled to size 9.24683pt on input line 769.
\fullwidth=\dimen158
LaTeX Font Info:    Font shape `JT2/mc/m/n' will be
(Font)              scaled to size 7.39746pt on input line 922.
LaTeX Font Info:    Font shape `JY2/mc/m/n' will be
(Font)              scaled to size 7.39746pt on input line 922.
\c@part=\count186
\c@section=\count187
\c@subsection=\count188
\c@subsubsection=\count189
\c@paragraph=\count190
\c@subparagraph=\count191
\@abstractbox=\box68
\c@figure=\count192
\c@table=\count193
\abovecaptionskip=\skip49
\belowcaptionskip=\skip50
\jsc@tocl@width=\dimen159
\@lnumwidth=\dimen160
\bibindent=\dimen161
(/usr/share/texlive/texmf-dist/tex/platex/jsclasses/jslogo.sty
Package: jslogo 2019/07/25 okumura, texjporg
LaTeX Info: Redefining \TeX on input line 82.
LaTeX Info: Redefining \LaTeX on input line 135.
LaTeX Info: Redefining \LaTeXe on input line 188.
)
\heisei=\count194
)
(/usr/share/texlive/texmf-dist/tex/latex/amsmath/amsmath.sty
Package: amsmath 2023/05/13 v2.17o AMS math features
\@mathmargin=\skip51

For additional information on amsmath, use the `?' option.
(/usr/share/texlive/texmf-dist/tex/latex/amsmath/amstext.sty
Package: amstext 2021/08/26 v2.01 AMS text

(/usr/share/texlive/texmf-dist/tex/latex/amsmath/amsgen.sty
File: amsgen.sty 1999/11/30 v2.0 generic functions
\@emptytoks=\toks18
\ex@=\dimen162
))
(/usr/share/texlive/texmf-dist/tex/latex/amsmath/amsbsy.sty
Package: amsbsy 1999/11/29 v1.2d Bold Symbols
\pmbraise@=\dimen163
)
(/usr/share/texlive/texmf-dist/tex/latex/amsmath/amsopn.sty
Package: amsopn 2022/04/08 v2.04 operator names
)
\inf@bad=\count195
LaTeX Info: Redefining \frac on input line 234.
\uproot@=\count196
\leftroot@=\count197
LaTeX Info: Redefining \overline on input line 399.
LaTeX Info: Redefining \colon on input line 410.
\classnum@=\count198
\DOTSCASE@=\count199
LaTeX Info: Redefining \ldots on input line 496.
LaTeX Info: Redefining \dots on input line 499.
LaTeX Info: Redefining \cdots on input line 620.
\Mathstrutbox@=\box69
\strutbox@=\box70
LaTeX Info: Redefining \big on input line 722.
LaTeX Info: Redefining \Big on input line 723.
LaTeX Info: Redefining \bigg on input line 724.
LaTeX Info: Redefining \Bigg on input line 725.
\big@size=\dimen164
LaTeX Font Info:    Redeclaring font encoding OML on input line 743.
LaTeX Font Info:    Redeclaring font encoding OMS on input line 744.
\macc@depth=\count266
LaTeX Info: Redefining \bmod on input line 905.
LaTeX Info: Redefining \pmod on input line 910.
LaTeX Info: Redefining \smash on input line 940.
LaTeX Info: Redefining \relbar on input line 970.
LaTeX Info: Redefining \Relbar on input line 971.
\c@MaxMatrixCols=\count267
\dotsspace@=\muskip16
\c@parentequation=\count268
\dspbrk@lvl=\count269
\tag@help=\toks19
\row@=\count270
\column@=\count271
\maxfields@=\count272
\andhelp@=\toks20
\eqnshift@=\dimen165
\alignsep@=\dimen166
\tagshift@=\dimen167
\tagwidth@=\dimen168
\totwidth@=\dimen169
\lineht@=\dimen170
\@envbody=\toks21
\multlinegap=\skip52
\multlinetaggap=\skip53
\mathdisplay@stack=\toks22
LaTeX Info: Redefining \[ on input line 2953.
LaTeX Info: Redefining \] on input line 2954.
)
(/usr/share/texlive/texmf-dist/tex/latex/amsfonts/amssymb.sty
Package: amssymb 2013/01/14 v3.01 AMS font symbols

(/usr/share/texlive/texmf-dist/tex/latex/amsfonts/amsfonts.sty
Package: amsfonts 2013/01/14 v3.01 Basic AMSFonts support
\symAMSa=\mathgroup5
\symAMSb=\mathgroup6
LaTeX Font Info:    Redeclaring math symbol \hbar on input line 98.
LaTeX Font Info:    Overwriting math alphabet `\mathfrak' in version `bold'
(Font)                  U/euf/m/n --> U/euf/b/n on input line 106.
))
(/usr/share/texlive/texmf-dist/tex/latex/booktabs/booktabs.sty
Package: booktabs 2020/01/12 v1.61803398 Publication quality tables
\heavyrulewidth=\dimen171
\lightrulewidth=\dimen172
\cmidrulewidth=\dimen173
\belowrulesep=\dimen174
\belowbottomsep=\dimen175
\aboverulesep=\dimen176
\abovetopsep=\dimen177
\cmidrulesep=\dimen178
\cmidrulekern=\dimen179
\defaultaddspace=\dimen180
\@cmidla=\count273
\@cmidlb=\count274
\@aboverulesep=\dimen181
\@belowrulesep=\dimen182
\@thisruleclass=\count275
\@lastruleclass=\count276
\@thisrulewidth=\dimen183
)
(/usr/share/texlive/texmf-dist/tex/latex/tools/array.sty
Package: array 2023/10/16 v2.5g Tabular extension package (FMi)
\col@sep=\dimen184
\ar@mcellbox=\box71
\extrarowheight=\dimen185
\NC@list=\toks23
\extratabsurround=\skip54
\backup@length=\skip55
\ar@cellbox=\box72
)
(/usr/share/texlive/texmf-dist/tex/latex/listings/listings.sty
(/usr/share/texlive/texmf-dist/tex/latex/graphics/keyval.sty
Package: keyval 2022/05/29 v1.15 key=value parser (DPC)
\KV@toks@=\toks24
)
\lst@mode=\count277
\lst@gtempboxa=\box73
\lst@token=\toks25
\lst@length=\count278
\lst@currlwidth=\dimen186
\lst@column=\count279
\lst@pos=\count280
\lst@lostspace=\dimen187
\lst@width=\dimen188
\lst@newlines=\count281
\lst@lineno=\count282
\lst@maxwidth=\dimen189

(/usr/share/texlive/texmf-dist/tex/latex/listings/lstmisc.sty
File: lstmisc.sty 2023/02/27 1.9 (Carsten Heinz)
\c@lstnumber=\count283
\lst@skipnumbers=\count284
\lst@framebox=\box74
)
(/usr/share/texlive/texmf-dist/tex/latex/listings/listings.cfg
File: listings.cfg 2023/02/27 1.9 listings configuration
))
Package: listings 2023/02/27 1.9 (Carsten Heinz)

(/usr/share/texlive/texmf-dist/tex/latex/url/url.sty
\Urlmuskip=\muskip17
Package: url 2013/09/16  ver 3.4  Verb mode for urls, etc.
)
(/usr/share/texlive/texmf-dist/tex/latex/graphics/graphicx.sty
Package: graphicx 2021/09/16 v1.2d Enhanced LaTeX Graphics (DPC,SPQR)

(/usr/share/texlive/texmf-dist/tex/latex/graphics/graphics.sty
Package: graphics 2022/03/10 v1.4e Standard LaTeX Graphics (DPC,SPQR)

(/usr/share/texlive/texmf-dist/tex/latex/graphics/trig.sty
Package: trig 2021/08/11 v1.11 sin cos tan (DPC)
)
(/usr/share/texlive/texmf-dist/tex/latex/graphics-cfg/graphics.cfg
File: graphics.cfg 2016/06/04 v1.11 sample graphics configuration
)
Package graphics Info: Driver file: dvipdfmx.def on input line 107.

(/usr/share/texlive/texmf-dist/tex/latex/graphics-def/dvipdfmx.def
File: dvipdfmx.def 2022/09/22 v5.0m Graphics/color driver for dvipdfmx
))
\Gin@req@height=\dimen190
\Gin@req@width=\dimen191
)
(/usr/share/texlive/texmf-dist/tex/latex/xcolor/xcolor.sty
Package: xcolor 2023/11/15 v3.01 LaTeX color extensions (UK)

(/usr/share/texlive/texmf-dist/tex/latex/graphics-cfg/color.cfg
File: color.cfg 2016/01/02 v1.6 sample color configuration
)
Package xcolor Info: Driver file: dvipdfmx.def on input line 274.

(/usr/share/texlive/texmf-dist/tex/latex/graphics/mathcolor.ltx)
Package xcolor Info: Model `cmy' substituted by `cmy0' on input line 1350.
Package xcolor Info: Model `RGB' extended on input line 1366.
Package xcolor Info: Model `HTML' substituted by `rgb' on input line 1368.
Package xcolor Info: Model `Hsb' substituted by `hsb' on input line 1369.
Package xcolor Info: Model `tHsb' substituted by `hsb' on input line 1370.
Package xcolor Info: Model `HSB' substituted by `hsb' on input line 1371.
Package xcolor Info: Model `Gray' substituted by `gray' on input line 1372.
Package xcolor Info: Model `wave' substituted by `hsb' on input line 1373.
)
(/usr/share/texlive/texmf-dist/tex/latex/hyperref/hyperref.sty
Package: hyperref 2024-01-20 v7.01h Hypertext links for LaTeX

(/usr/share/texlive/texmf-dist/tex/generic/iftex/iftex.sty
Package: iftex 2022/02/03 v1.0f TeX engine tests
)
(/usr/share/texlive/texmf-dist/tex/latex/kvsetkeys/kvsetkeys.sty
Package: kvsetkeys 2022-10-05 v1.19 Key value parser (HO)
)
(/usr/share/texlive/texmf-dist/tex/generic/kvdefinekeys/kvdefinekeys.sty
Package: kvdefinekeys 2019-12-19 v1.6 Define keys (HO)
)
(/usr/share/texlive/texmf-dist/tex/generic/pdfescape/pdfescape.sty
Package: pdfescape 2019/12/09 v1.15 Implements pdfTeX's escape features (HO)

(/usr/share/texlive/texmf-dist/tex/generic/ltxcmds/ltxcmds.sty
Package: ltxcmds 2023-12-04 v1.26 LaTeX kernel commands for general use (HO)
)
(/usr/share/texlive/texmf-dist/tex/generic/pdftexcmds/pdftexcmds.sty
Package: pdftexcmds 2020-06-27 v0.33 Utility functions of pdfTeX for LuaTeX (HO
)

(/usr/share/texlive/texmf-dist/tex/generic/infwarerr/infwarerr.sty
Package: infwarerr 2019/12/03 v1.5 Providing info/warning/error messages (HO)
)
Package pdftexcmds Info: \pdf@primitive is available.
Package pdftexcmds Info: \pdf@ifprimitive is available.
Package pdftexcmds Info: \pdfdraftmode not found.
))
(/usr/share/texlive/texmf-dist/tex/latex/hycolor/hycolor.sty
Package: hycolor 2020-01-27 v1.10 Color options for hyperref/bookmark (HO)
)
(/usr/share/texlive/texmf-dist/tex/latex/auxhook/auxhook.sty
Package: auxhook 2019-12-17 v1.6 Hooks for auxiliary files (HO)
)
(/usr/share/texlive/texmf-dist/tex/latex/hyperref/nameref.sty
Package: nameref 2023-11-26 v2.56 Cross-referencing by name of section

(/usr/share/texlive/texmf-dist/tex/latex/refcount/refcount.sty
Package: refcount 2019/12/15 v3.6 Data extraction from label references (HO)
)
(/usr/share/texlive/texmf-dist/tex/generic/gettitlestring/gettitlestring.sty
Package: gettitlestring 2019/12/15 v1.6 Cleanup title references (HO)

(/usr/share/texlive/texmf-dist/tex/latex/kvoptions/kvoptions.sty
Package: kvoptions 2022-06-15 v3.15 Key value format for package options (HO)
))
\c@section@level=\count285
)
(/usr/share/texlive/texmf-dist/tex/latex/etoolbox/etoolbox.sty
Package: etoolbox 2020/10/05 v2.5k e-TeX tools for LaTeX (JAW)
\etb@tempcnta=\count286
)
\@linkdim=\dimen192
\Hy@linkcounter=\count287
\Hy@pagecounter=\count288

(/usr/share/texlive/texmf-dist/tex/latex/hyperref/pd1enc.def
File: pd1enc.def 2024-01-20 v7.01h Hyperref: PDFDocEncoding definition (HO)
Now handling font encoding PD1 ...
... no UTF-8 mapping file for font encoding PD1
)
(/usr/share/texlive/texmf-dist/tex/generic/intcalc/intcalc.sty
Package: intcalc 2019/12/15 v1.3 Expandable calculations with integers (HO)
)
\Hy@SavedSpaceFactor=\count289

(/usr/share/texlive/texmf-dist/tex/latex/hyperref/puenc.def
File: puenc.def 2024-01-20 v7.01h Hyperref: PDF Unicode definition (HO)
Now handling font encoding PU ...
... no UTF-8 mapping file for font encoding PU
)
Package hyperref Info: Option `colorlinks' set `true' on input line 4062.
Package hyperref Info: Hyper figures OFF on input line 4179.
Package hyperref Info: Link nesting OFF on input line 4184.
Package hyperref Info: Hyper index ON on input line 4187.
Package hyperref Info: Plain pages OFF on input line 4194.
Package hyperref Info: Backreferencing OFF on input line 4199.
Package hyperref Info: Implicit mode ON; LaTeX internals redefined.
Package hyperref Info: Bookmarks ON on input line 4446.
\c@Hy@tempcnt=\count290
LaTeX Info: Redefining \url on input line 4784.
\XeTeXLinkMargin=\dimen193

(/usr/share/texlive/texmf-dist/tex/generic/bitset/bitset.sty
Package: bitset 2019/12/09 v1.3 Handle bit-vector datatype (HO)

(/usr/share/texlive/texmf-dist/tex/generic/bigintcalc/bigintcalc.sty
Package: bigintcalc 2019/12/15 v1.5 Expandable calculations on big integers (HO
)
))
\Fld@menulength=\count291
\Field@Width=\dimen194
\Fld@charsize=\dimen195
Package hyperref Info: Hyper figures OFF on input line 6063.
Package hyperref Info: Link nesting OFF on input line 6068.
Package hyperref Info: Hyper index ON on input line 6071.
Package hyperref Info: backreferencing OFF on input line 6078.
Package hyperref Info: Link coloring ON on input line 6081.
Package hyperref Info: Link coloring with OCG OFF on input line 6088.
Package hyperref Info: PDF/A mode OFF on input line 6093.

(/usr/share/texlive/texmf-dist/tex/latex/base/atbegshi-ltx.sty
Package: atbegshi-ltx 2021/01/10 v1.0c Emulation of the original atbegshi
package with kernel methods
)
\Hy@abspage=\count292
\c@Item=\count293
\c@Hfootnote=\count294
)
Package hyperref Info: Driver: hdvipdfm.

(/usr/share/texlive/texmf-dist/tex/latex/hyperref/hdvipdfm.def
File: hdvipdfm.def 2024-01-20 v7.01h Hyperref driver for dvipdfm
\pdfm@box=\box75
\c@Hy@AnnotLevel=\count295
\HyField@AnnotCount=\count296
\Fld@listcount=\count297
\c@bookmark@seq@number=\count298

(/usr/share/texlive/texmf-dist/tex/latex/rerunfilecheck/rerunfilecheck.sty
Package: rerunfilecheck 2022-07-10 v1.10 Rerun checks for auxiliary files (HO)

(/usr/share/texlive/texmf-dist/tex/latex/base/atveryend-ltx.sty
Package: atveryend-ltx 2020/08/19 v1.0a Emulation of the original atveryend pac
kage
with kernel methods
)
(/usr/share/texlive/texmf-dist/tex/generic/uniquecounter/uniquecounter.sty
Package: uniquecounter 2019/12/15 v1.4 Provide unlimited unique counter (HO)
)
Package uniquecounter Info: New unique counter `rerunfilecheck' on input line 2
85.
)
\Hy@SectionHShift=\skip56
)
(/usr/share/texlive/texmf-dist/tex/latex/l3backend/l3backend-dvipdfmx.def
File: l3backend-dvipdfmx.def 2024-01-04 L3 backend support: dvipdfmx
\g__graphics_track_int=\count299
\l__pdf_internal_box=\box76
\g__pdf_backend_object_int=\count300
\g__pdf_backend_annotation_int=\count301
\g__pdf_backend_link_int=\count302
)
(./mpc_cuda_report.en.aux)
\openout1 = `mpc_cuda_report.en.aux'.

LaTeX Font Info:    Checking defaults for OML/cmm/m/it on input line 30.
LaTeX Font Info:    ... okay on input line 30.
LaTeX Font Info:    Checking defaults for OMS/cmsy/m/n on input line 30.
LaTeX Font Info:    ... okay on input line 30.
LaTeX Font Info:    Checking defaults for OT1/cmr/m/n on input line 30.
LaTeX Font Info:    ... okay on input line 30.
LaTeX Font Info:    Checking defaults for T1/cmr/m/n on input line 30.
LaTeX Font Info:    ... okay on input line 30.
LaTeX Font Info:    Checking defaults for TS1/cmr/m/n on input line 30.
LaTeX Font Info:    ... okay on input line 30.
LaTeX Font Info:    Checking defaults for OMX/cmex/m/n on input line 30.
LaTeX Font Info:    ... okay on input line 30.
LaTeX Font Info:    Checking defaults for U/cmr/m/n on input line 30.
LaTeX Font Info:    ... okay on input line 30.
LaTeX Font Info:    Checking defaults for JY2/mc/m/n on input line 30.
LaTeX Font Info:    ... okay on input line 30.
LaTeX Font Info:    Checking defaults for JT2/mc/m/n on input line 30.
LaTeX Font Info:    ... okay on input line 30.
LaTeX Font Info:    Checking defaults for PD1/pdf/m/n on input line 30.
LaTeX Font Info:    ... okay on input line 30.
LaTeX Font Info:    Checking defaults for PU/pdf/m/n on input line 30.
LaTeX Font Info:    ... okay on input line 30.
\c@lstlisting=\count303
Package hyperref Info: Link coloring ON on input line 30.
 (./mpc_cuda_report.en.out) (./mpc_cuda_report.en.out)
\@outlinefile=\write3
\openout3 = `mpc_cuda_report.en.out'.

LaTeX Font Info:    Font shape `JT2/mc/m/n' will be
(Font)              scaled to size 15.9785pt on input line 32.
LaTeX Font Info:    Font shape `JY2/mc/m/n' will be
(Font)              scaled to size 15.9785pt on input line 32.
LaTeX Font Info:    Font shape `JT2/mc/m/n' will be
(Font)              scaled to size 11.09619pt on input line 32.
LaTeX Font Info:    Font shape `JY2/mc/m/n' will be
(Font)              scaled to size 11.09619pt on input line 32.
LaTeX Font Info:    Font shape `JY2/mc/m/n' will be
(Font)              scaled to size 5.5481pt on input line 32.
LaTeX Font Info:    Trying to load font information for U+msa on input line 32.

 (/usr/share/texlive/texmf-dist/tex/latex/amsfonts/umsa.fd
File: umsa.fd 2013/01/14 v3.01 AMS symbols A
)
LaTeX Font Info:    Trying to load font information for U+msb on input line 32.


(/usr/share/texlive/texmf-dist/tex/latex/amsfonts/umsb.fd
File: umsb.fd 2013/01/14 v3.01 AMS symbols B
)
LaTeX Font Info:    Font shape `JT2/mc/m/n' will be
(Font)              scaled to size 8.32214pt on input line 33.
LaTeX Font Info:    Font shape `JY2/mc/m/n' will be
(Font)              scaled to size 8.32214pt on input line 33.
LaTeX Font Info:    Font shape `JT2/gt/m/n' will be
(Font)              scaled to size 8.32214pt on input line 33.
LaTeX Font Info:    Font shape `JY2/gt/m/n' will be
(Font)              scaled to size 8.32214pt on input line 33.
LaTeX Font Info:    Font shape `JT2/mc/bx/n' in size <9> not available
(Font)              Font shape `JT2/gt/m/n' tried instead on input line 34.
LaTeX Font Info:    Font shape `JT2/gt/m/n' will be
(Font)              scaled to size 8.32214pt on input line 34.
LaTeX Font Info:    Font shape `JY2/mc/bx/n' in size <9> not available
(Font)              Font shape `JY2/gt/m/n' tried instead on input line 34.
LaTeX Font Info:    Font shape `JY2/gt/m/n' will be
(Font)              scaled to size 8.32214pt on input line 34.
LaTeX Font Info:    Font shape `JY2/mc/m/n' will be
(Font)              scaled to size 4.62341pt on input line 44.

Underfull \hbox (badness 1303) in paragraph at lines 34--46
\OT1/cmr/m/n/9 path, \OT1/cmtt/m/n/9 cu[]freal<PB>\OT1/cmr/m/n/9 /\OT1/cmtt/m/n
/9 cu[]fcomplex<PB>\OT1/cmr/m/n/9 , and quan-tify the GPU/CPU per-for-mance
 []

LaTeX Font Info:    Font shape `JT2/gt/m/n' will be
(Font)              scaled to size 9.24683pt on input line 48.
LaTeX Font Info:    Font shape `JY2/gt/m/n' will be
(Font)              scaled to size 9.24683pt on input line 48.
LaTeX Font Info:    Font shape `JT2/mc/m/n' will be
(Font)              scaled to size 13.31541pt on input line 48.
LaTeX Font Info:    Font shape `JY2/mc/m/n' will be
(Font)              scaled to size 13.31541pt on input line 48.
LaTeX Font Info:    Font shape `JT2/gt/m/n' will be
(Font)              scaled to size 13.31541pt on input line 48.
LaTeX Font Info:    Font shape `JY2/gt/m/n' will be
(Font)              scaled to size 13.31541pt on input line 48.
(./mpc_cuda_report.en.toc
LaTeX Font Info:    Font shape `JY2/mc/m/n' will be
(Font)              scaled to size 6.47278pt on input line 3.
 [1

])
\tf@toc=\write4
\openout4 = `mpc_cuda_report.en.toc'.

LaTeX Font Info:    Font shape `JT2/mc/bx/n' in size <10> not available
(Font)              Font shape `JT2/gt/m/n' tried instead on input line 60.
LaTeX Font Info:    Font shape `JT2/gt/m/n' will be
(Font)              scaled to size 9.24683pt on input line 60.
LaTeX Font Info:    Font shape `JY2/mc/bx/n' in size <10> not available
(Font)              Font shape `JY2/gt/m/n' tried instead on input line 60.
LaTeX Font Info:    Font shape `JY2/gt/m/n' will be
(Font)              scaled to size 9.24683pt on input line 60.
LaTeX Font Info:    Font shape `JT2/gt/m/n' will be
(Font)              scaled to size 11.09619pt on input line 79.
LaTeX Font Info:    Font shape `JY2/gt/m/n' will be
(Font)              scaled to size 11.09619pt on input line 79.
 [2]
LaTeX Font Info:    Trying to load font information for OMS+cmtt on input line 
96.
LaTeX Font Info:    No file OMScmtt.fd. on input line 96.


LaTeX Font Warning: Font shape `OMS/cmtt/m/n' undefined
(Font)              using `OMS/cmsy/m/n' instead
(Font)              for symbol `textbraceleft' on input line 96.


Overfull \hbox (102.07841pt too wide) in paragraph at lines 96--101
[]\OT1/cmtt/m/n/10 tools/cudafy[]minigmp.py\OT1/cmr/m/n/10 : reads the pris-tin
e \OT1/cmtt/m/n/10 mini-gmp.\OMS/cmtt/m/n/10 f\OT1/cmtt/m/n/10 c,h\OMS/cmtt/m/n
/10 g \OT1/cmr/m/n/10 and emits \OT1/cmtt/m/n/10 include/mpc[]cuda/cuda[]minigm
p.h
 []


Underfull \hbox (badness 1158) in paragraph at lines 96--101
\OT1/cmr/m/n/10 and \OT1/cmtt/m/n/10 src/cuda[]minigmp.cu \OT1/cmr/m/n/10 with 
[][]\OT1/cmtt/m/n/10 host[][] [][]device[][] \OT1/cmr/m/n/10 prepended to ev-er
y device-
 []


Underfull \hbox (badness 5696) in paragraph at lines 122--123
[]|\OT1/cmtt/m/n/10 mpz\OT1/cmr/m/n/10 /\OT1/cmtt/m/n/10 mpn \OT1/cmr/m/n/10 on
 the de-vice. ad-d/-sub-/-mul/t-
 []


Underfull \hbox (badness 2753) in paragraph at lines 122--123
\OT1/cmr/m/n/10 div[]qr/pow[]ui/get[]str bit-exact vs host (256
 []

[3]
LaTeX Font Info:    Font shape `JT2/gt/bx/n' in size <10> not available
(Font)              Font shape `JT2/gt/m/n' tried instead on input line 141.
LaTeX Font Info:    Font shape `JT2/gt/m/n' will be
(Font)              scaled to size 9.24683pt on input line 141.
LaTeX Font Info:    Font shape `JY2/gt/bx/n' in size <10> not available
(Font)              Font shape `JY2/gt/m/n' tried instead on input line 141.
LaTeX Font Info:    Font shape `JY2/gt/m/n' will be
(Font)              scaled to size 9.24683pt on input line 141.
LaTeX Font Info:    Font shape `OT1/cmtt/bx/n' in size <10> not available
(Font)              Font shape `OT1/cmtt/m/n' tried instead on input line 141.

Overfull \hbox (14.82088pt too wide) in paragraph at lines 141--143
[]\OT1/cmr/bx/n/10 C11 []\OT1/cmtt/m/n/10 Noreturn\OT1/cmr/m/n/10 : re-jected b
y nvcc's C++ fron-tend. The host build's \OT1/cmtt/m/n/10 -DMPFR[]HAVE[]NORETUR
N
 []


Underfull \hbox (badness 1769) in paragraph at lines 146--148
[]\OT1/cmr/bx/n/10 No \OT1/cmtt/m/n/10 realloc\OT1/cmr/m/n/10 : CUDA de-vice co
de has no \OT1/cmtt/m/n/10 realloc\OT1/cmr/m/n/10 ; it is em-u-lated by mal-
 []


Underfull \hbox (badness 1888) in paragraph at lines 176--181
[][][]\OT1/cmtt/m/n/10 builtin[]unreachable \OT1/cmr/bx/n/10 mis-com-pile\OT1/c
mr/m/n/10 : en-abling \OT1/cmtt/m/n/10 MPFR[]HAVE[]BUILTIN[]UNREACHABLE
 []


Underfull \hbox (badness 10000) in paragraph at lines 176--181
\OT1/cmr/m/n/10 makes its [][]\OT1/cmtt/m/n/10 builtin[]constant[]p\OT1/cmr/m/n
/10 /[][]\OT1/cmtt/m/n/10 builtin[]unreachable \OT1/cmr/m/n/10 path \OT1/cmr/bx
/n/10 mis-com-pile
 []

[4] [5]
Underfull \hbox (badness 1389) in paragraph at lines 254--260
[]\OT1/cmr/bx/n/10 Inline-PTX bug in \OT1/cmtt/m/n/10 mul.c\OT1/cmr/m/n/10 : \O
T1/cmtt/m/n/10 src/mpfr[]cuda/mul.c \OT1/cmr/m/n/10 had a hand-written PTX
 []


Underfull \hbox (badness 3168) in paragraph at lines 260--267
\OT1/cmr/m/n/10 table max-i-mum (a few hun-dred KB); a 512KB re-quest is \OT1/c
mr/bx/n/10 re-jected with
 []

[6]
Underfull \hbox (badness 10000) in paragraph at lines 296--308
[]\OT1/cmtt/m/n/10 cu[]fmath.cuh\OT1/cmr/m/n/10 /\OT1/cmtt/m/n/10 cu[]fcmath.cu
h \OT1/cmr/m/n/10 pro-vide fixed-precision el-e-men-tary func-tions: real
 []


Overfull \hbox (16.41606pt too wide) in paragraph at lines 296--308
\OT1/cmtt/m/n/10 cu[]\OMS/cmtt/m/n/10 f\OT1/cmtt/m/n/10 sqrt,cbrt,exp,expm1,log
,log1p,sin,cos,tan,atan,sinh,cosh,asin,acos,atanh,pow\OMS/cmtt/m/n/10 g
 []


Underfull \hbox (badness 1097) in paragraph at lines 313--323
[]\OT1/cmr/m/n/10 The pri-mary plat-form is the NVIDIA GB10 (com-pute ca-pa-bil
-ity 12.1, CUDA 13,
 []

[7]

LaTeX Warning: `h' float specifier changed to `ht'.

[8]
File: figures/fig_h100_elem.pdf Graphic file (type pdf)
<figures/fig_h100_elem.pdf>


LaTeX Warning: `h' float specifier changed to `ht'.

[9]

LaTeX Warning: `h' float specifier changed to `ht'.

File: figures/fig_bench3_real.pdf Graphic file (type pdf)
<figures/fig_bench3_real.pdf>

LaTeX Warning: `h' float specifier changed to `ht'.

File: figures/fig_bench3_complex.pdf Graphic file (type pdf)
<figures/fig_bench3_complex.pdf>

LaTeX Warning: `h' float specifier changed to `ht'.

File: figures/fig_speedup_gpu.pdf Graphic file (type pdf)
<figures/fig_speedup_gpu.pdf>

LaTeX Warning: `h' float specifier changed to `ht'.

[10]
LaTeX Font Info:    Font shape `JT2/gt/m/n' will be
(Font)              scaled to size 7.39746pt on input line 555.
LaTeX Font Info:    Font shape `JY2/gt/m/n' will be
(Font)              scaled to size 7.39746pt on input line 555.
 [11]

LaTeX Warning: `h' float specifier changed to `ht'.

File: figures/fig_cpu_crossover.pdf Graphic file (type pdf)
<figures/fig_cpu_crossover.pdf>

LaTeX Warning: `h' float specifier changed to `ht'.

[12]

LaTeX Warning: `h' float specifier changed to `ht'.

File: figures/fig_gb10_vs_h100.pdf Graphic file (type pdf)
<figures/fig_gb10_vs_h100.pdf>

LaTeX Warning: `h' float specifier changed to `ht'.

[13]
File: figures/fig_platform_speedup.pdf Graphic file (type pdf)
<figures/fig_platform_speedup.pdf>


LaTeX Warning: `h' float specifier changed to `ht'.

[14] [15] [16]
Overfull \hbox (4.41791pt too wide) in paragraph at lines 713--723
[]\OT1/cmr/m/n/10 In ad-di-tion, a compile-time fixed-precision, register-resid
ent \OT1/cmtt/m/n/10 cu[]freal<PB>\OT1/cmr/m/n/10 /\OT1/cmtt/m/n/10 cu[]fcomple
x<PB>
 []


Underfull \hbox (badness 3965) in paragraph at lines 731--742
\OT1/cmr/bx/n/10 Reproduction\OT1/cmr/m/n/10 : \OT1/cmtt/m/n/10 ./configure && 
make\OT1/cmr/m/n/10 ; \OT1/cmtt/m/n/10 make check \OT1/cmr/m/n/10 (minigm-p/mpf
r/m-pc/-trans bit-
 []


Overfull \hbox (83.85915pt too wide) in paragraph at lines 731--742
\OT1/cmr/m/n/10 exactness), \OT1/cmtt/m/n/10 make demos\OT1/cmr/m/n/10 /\OT1/cm
tt/m/n/10 matrix\OT1/cmr/m/n/10 /\OT1/cmtt/m/n/10 bench \OT1/cmr/m/n/10 (per-fo
r-mance), \OT1/cmtt/m/n/10 make sample-fixed\OT1/cmr/m/n/10 /\OT1/cmtt/m/n/10 c
heck-fixed\OT1/cmr/m/n/10 /\OT1/cmtt/m/n/10 check-fmath\OT1/cmr/m/n/10 /\OT1/cm
tt/m/n/10 bench3
 []

[17] (./mpc_cuda_report.en.aux)
 ***********
pLaTeX2e <2023-02-14u04>+1, based on
LaTeX2e <2023-11-01> patch level 1
L3 programming layer <2024-01-22>
 ***********


LaTeX Font Warning: Some font shapes were not available, defaults substituted.


LaTeX Warning: Label(s) may have changed. Rerun to get cross-references right.

Package rerunfilecheck Info: File `mpc_cuda_report.en.out' has not changed.
(rerunfilecheck)             Checksum: 810D48FE8E2746DAAF9BF00C22406D06;5211.
 ) 
Here is how much of TeX's memory you used:
 11435 strings out of 474880
 171454 string characters out of 5763319
 1936820 words of memory out of 5000000
 33553 multiletter control sequences out of 15000+600000
 575568 words of font info for 123 fonts, out of 8000000 for 9000
 934 hyphenation exceptions out of 8191
 72i,11n,79p,501b,541s stack positions out of 10000i,1000n,20000p,200000b,200000s

Output written on mpc_cuda_report.en.dvi (17 pages, 76784 bytes).
