%このファイルは日本語文字を含みます.
\BOOKMARK [1][-]{section.1}{\376\377\060\157\060\130\060\201\060\153}{}% 1
\BOOKMARK [1][-]{section.2}{\376\377\121\150\117\123\212\055\212\010\060\150\117\134\142\020\142\113\230\006}{}% 2
\BOOKMARK [2][-]{subsection.2.1}{\376\377\121\372\166\172\160\271\060\150\060\152\060\213\116\012\155\101\060\275\060\374\060\271}{section.2}% 3
\BOOKMARK [2][-]{subsection.2.2}{\376\377\131\011\143\333\060\271\060\257\060\352\060\327\060\310\145\271\137\017}{section.2}% 4
\BOOKMARK [2][-]{subsection.2.3}{\376\377\134\144\122\045\060\156\153\265\226\216}{section.2}% 5
\BOOKMARK [1][-]{section.3}{\376\377\133\237\210\305\116\012\060\156\126\360\226\343\060\150\060\135\060\156\211\343\154\172}{}% 6
\BOOKMARK [2][-]{subsection.3.1}{\376\377\060\263\060\363\060\321\060\244\060\353\060\222\220\032\060\131\060\137\060\201\060\156\220\151\137\334}{section.3}% 7
\BOOKMARK [2][-]{subsection.3.2}{\376\377\060\307\060\320\060\244\060\271\060\147\153\143\060\127\060\117\122\325\060\113\060\131\060\137\060\201\060\156\220\151\137\334}{section.3}% 8
\BOOKMARK [2][-]{subsection.3.3}{\376\377\147\000\131\047\060\156\226\343\225\242\377\032\060\307\060\320\060\244\060\271\060\147\060\156\000\040\000m\000p\000f\000r\000\137\000d\000i\000v\000\040\212\244\060\263\060\363\060\321\060\244\060\353}{section.3}% 9
\BOOKMARK [2][-]{subsection.3.4}{\376\377\060\271\060\277\060\303\060\257\060\373\060\242\060\352\060\374\060\312\060\373\116\046\122\027\136\246}{section.3}% 10
\BOOKMARK [2][-]{subsection.3.5}{\376\377\121\161\133\130\377\032\000c\000u\000\137\000\040\124\015\122\115\172\172\225\223\060\150\000\040\000u\000m\000b\000r\000e\000l\000l\000a\000\040\060\330\060\303\060\300}{section.3}% 11
\BOOKMARK [2][-]{subsection.3.6}{\376\377\060\135\060\156\116\326\060\156\060\320\060\260\060\150\145\131\212\023}{section.3}% 12
\BOOKMARK [1][-]{section.4}{\376\377\060\263\060\363\060\321\060\244\060\353\146\102\126\372\133\232\174\276\136\246\060\156\232\330\220\037\060\321\060\271}{}% 13
\BOOKMARK [2][-]{subsection.4.1}{\376\377\212\055\212\010}{section.4}% 14
\BOOKMARK [2][-]{subsection.4.2}{\376\377\122\035\173\111\225\242\145\160}{section.4}% 15
\BOOKMARK [1][-]{section.5}{\376\377\140\047\200\375\212\125\117\241}{}% 16
\BOOKMARK [2][-]{subsection.5.1}{\376\377\000A\000X\000P\000Y\377\010\133\237\145\160\060\373\211\007\175\040\377\011}{section.5}% 17
\BOOKMARK [2][-]{subsection.5.2}{\376\377\127\372\147\054\175\332\137\142\212\010\173\227\377\010\210\114\122\027\060\331\060\257\060\310\060\353\172\115\060\373\210\114\122\027\172\115\377\011}{section.5}% 18
\BOOKMARK [2][-]{subsection.5.3}{\376\377\122\035\173\111\225\242\145\160}{section.5}% 19
\BOOKMARK [2][-]{subsection.5.4}{\376\377\126\372\133\232\174\276\136\246\232\330\220\037\060\321\060\271\060\150\174\276\136\246\060\271\060\244\060\374\060\327}{section.5}% 20
\BOOKMARK [2][-]{subsection.5.5}{\376\377\000C\000P\000U\000\040\116\012\060\147\060\156\126\372\133\232\174\276\136\246\060\321\060\271}{section.5}% 21
\BOOKMARK [2][-]{subsection.5.6}{\376\377\200\003\133\337}{section.5}% 22
\BOOKMARK [2][-]{subsection.5.7}{\376\377\060\257\060\355\060\271\060\327\060\351\060\303\060\310\060\325\060\251\060\374\060\340\153\324\217\003\377\032\000G\000B\0001\0000\000\040\000v\000s\000\040\000H\0001\0000\0000\377\010\175\317\142\354\377\011}{section.5}% 23
\BOOKMARK [1][-]{section.6}{\376\377\060\176\060\150\060\201\060\150\116\312\137\214}{}% 24
